{
  "version": "1.4.0",
  "plugins": {
    "AWSKeyDetector": {},
    "ArtfulCommonSecretDetector": {},
    "AzureKeyVaultDetector": {},
    "Base64HighEntropyString": {
      "limit": 4.5
    },
    "BasicAuthDetector": {},
    "BoxHighEntropyString": {
      "limit": 4.5
    },
    "CloudantDetector": {},
    "ClojureLurkerDetector": {},
    "Co机密PrivateKeyDetector": {},
    "DiscordBotTokenDetector": {},
    "DotGitHubTokenDetector": {},
    "DropBoxTokenDetector": {},
    "EmailAddressDetector": {},
    "EntropiedHighEntropyString": {
      "limit": 4.5,
      "num_max_lines": 2
    },
    "GheKeyDetector": {},
    "GitHubTokenDetector": {},
    "GitLabTokenDetector": {},
    "GoogleApplicationCredentialsDetector": {},
    "GoogleCloudTokenDetector": {},
    "HashiCorpTokenDetector": {},
    "IbmCloudIamDetector": {},
    "IbmCosHmacDetector": {},
    "JwtDetector": {},
    "KeywordDetector": {
      "keyword_exclude": {}
    },
    "Libs反应seKeyDetector": {},
    "MailchimpDetector": {},
    "NpmDetector": {},
    "PasswordStoreDetector": {},
    "PrivateKeyDetector": {},
    "PypiTokenDetector": {},
    "SlackTokenDetector": {},
    "SnowflakeDetector": {},
    "SquareOAuthDetector": {},
    "StripeDetector": {},
    "TwilioKeyDetector": {}
  },
  "filters_used": [
    {
      "path": "detect_secrets.filters.common.is_ignored_due_to_verification_policies"
    }
  ],
  "results": {},
  "version": "1.4.0"
}